// Jest Snapshot v1, https://goo.gl/fbAQLP

exports[`components/post_view/ChannelIntroMessages test Group Channel should match component state, with profiles 1`] = `
<div>
  <div
    class="channel-intro "
    id="channelIntro"
  >
    <div
      class="post-profile-img__container channel-intro-img"
    >
      <span
        class="status-wrapper  "
      >
        <button
          class="RoundButton-dvlhqG ehgqHL style--none"
        >
          <span
            class="profile-icon "
          >
            <img
              alt="user profile image"
              class="Avatar Avatar-xl"
              loading="lazy"
              src="/api/v4/users/user1/image?_=0"
              tabindex="-1"
            />
          </span>
        </button>
      </span>
      <span
        class="status-wrapper  "
      >
        <button
          class="RoundButton-dvlhqG ehgqHL style--none"
        >
          <span
            class="profile-icon "
          >
            <img
              alt="user profile image"
              class="Avatar Avatar-xl"
              loading="lazy"
              src="/api/v4/users/guest1/image?_=0"
              tabindex="-1"
            />
          </span>
        </button>
      </span>
    </div>
    <p
      class="channel-intro-text"
    >
      <span>
        This is the start of your group message history with test channel.\\nMessages and files shared here are not shown to people outside this area.
      </span>
    </p>
    <button
      aria-label="Set a Header dialog"
      class="style--none intro-links color--link channelIntroButton"
    >
      <i
        class="icon-pencil-outline"
        title="Edit Icon"
      />
      Set a Header
    </button>
  </div>
</div>
`;
