// Jest Snapshot v1, https://goo.gl/fbAQLP

exports[`plugins/PostMessageView should match snapshot with extended post type 1`] = `
<PostMessageView
  currentRelativeTeamUrl="team_url"
  enableFormatting={true}
  isRHS={false}
  options={Object {}}
  pluginPostTypes={
    Object {
      "testtype": Object {
        "component": [Function],
        "id": "some id",
        "pluginId": "some plugin id",
        "type": "",
      },
    }
  }
  post={
    Object {
      "id": "post_id",
      "message": "this is some text",
      "type": "testtype",
    }
  }
  theme={
    Object {
      "awayIndicator": "#FF8500",
      "backgroundInput": "#ffffff",
      "backstageBackground": "#ffffff",
      "backstageBody": "rgb(245, 245, 245)",
      "backstageText": "#3f4350",
      "boxShadow": "0 1px 16px rgba(0, 0, 0, 0.1)",
      "buttonBg": "#0098ff",
      "buttonColor": "#ffffff",
      "centerChannelBg": "#ffffff",
      "centerChannelColor": "#3f4350",
      "codeBlockColor": "#2c2c2c",
      "codeColor": "#fd5960",
      "codeTheme": "github",
      "contactSheetPillBackgroundColor": "#0088B2",
      "contactSheetPillColor": "white",
      "disableForm": "#f9f9f9",
      "dndIndicator": "#F44336",
      "errorTextColor": "#F44336",
      "guestBannerBackground": "#F4F6FD",
      "highlightBg": "#ffd470",
      "ikAppBrandingNameColor": "#85a2b6",
      "ikBtnSecondary": "#F1F1F1",
      "ikBtnSecondaryColor": "#666666",
      "ikIllustrationGreyEight": "#F1F1F1",
      "ikIllustrationGreyEleven": "#FFFFFF",
      "ikIllustrationGreyFifteen": "#F1F1F1",
      "ikIllustrationGreyFive": "#F1F1F1",
      "ikIllustrationGreyFour": "#FAFAFA",
      "ikIllustrationGreyFourteen": "#FFFFFF",
      "ikIllustrationGreyNine": "#F5F5F5",
      "ikIllustrationGreyOne": "#F5F5F5",
      "ikIllustrationGreySeven": "#E0E0E0",
      "ikIllustrationGreySeventeen": "#F5F5F5",
      "ikIllustrationGreySix": "#FAFAFA",
      "ikIllustrationGreySixteen": "#F1F1F1",
      "ikIllustrationGreyTen": "#E0E0E0",
      "ikIllustrationGreyThirteen": "#F1F1F1",
      "ikIllustrationGreyThree": "#E0E0E0",
      "ikIllustrationGreyTwelve": "#FFFFFF",
      "ikIllustrationGreyTwo": "#FFFFFF",
      "ikModalHeader": "#FFFFFF",
      "ikType": "medium",
      "integrationHeaderBorder": "rgba(0, 0, 0, 0.15)",
      "integrationHeaderColor": "#ffffff",
      "integrationOptionBackground": "#ffffff",
      "ksuiteTheme": "light",
      "linkColor": "#0098ff",
      "mentionBg": "#ffffff",
      "mentionBj": "#ffffff",
      "mentionColor": "#1e325c",
      "mentionHighlightBg": "#CDFAFF",
      "mentionHighlightLink": "#1b1d22",
      "newMessageSeparator": "#cc8f00",
      "onlineIndicator": "#3EBF4D",
      "sidebarBg": "#292E3D",
      "sidebarHeaderBg": "#181C28",
      "sidebarHeaderTextColor": "#ffffff",
      "sidebarTeamBarBg": "#181C28",
      "sidebarText": "#e0e0e0",
      "sidebarTextActiveBorder": "#4CB7FF",
      "sidebarTextActiveColor": "#ffffff",
      "sidebarTextHoverBg": "#3E435B",
      "sidebarUnreadText": "#ffffff",
      "switchServerBackground": "#000000",
      "switchServerHoverBackground": "#3E435B",
      "switchServerIconColor": "#FAFAFA",
      "switchServerTextColor": "#F5F5F5",
      "type": "Infomaniak",
    }
  }
>
  <PostTypePlugin
    isRHS={false}
    post={
      Object {
        "id": "post_id",
        "message": "this is some text",
        "type": "testtype",
      }
    }
    theme={
      Object {
        "awayIndicator": "#FF8500",
        "backgroundInput": "#ffffff",
        "backstageBackground": "#ffffff",
        "backstageBody": "rgb(245, 245, 245)",
        "backstageText": "#3f4350",
        "boxShadow": "0 1px 16px rgba(0, 0, 0, 0.1)",
        "buttonBg": "#0098ff",
        "buttonColor": "#ffffff",
        "centerChannelBg": "#ffffff",
        "centerChannelColor": "#3f4350",
        "codeBlockColor": "#2c2c2c",
        "codeColor": "#fd5960",
        "codeTheme": "github",
        "contactSheetPillBackgroundColor": "#0088B2",
        "contactSheetPillColor": "white",
        "disableForm": "#f9f9f9",
        "dndIndicator": "#F44336",
        "errorTextColor": "#F44336",
        "guestBannerBackground": "#F4F6FD",
        "highlightBg": "#ffd470",
        "ikAppBrandingNameColor": "#85a2b6",
        "ikBtnSecondary": "#F1F1F1",
        "ikBtnSecondaryColor": "#666666",
        "ikIllustrationGreyEight": "#F1F1F1",
        "ikIllustrationGreyEleven": "#FFFFFF",
        "ikIllustrationGreyFifteen": "#F1F1F1",
        "ikIllustrationGreyFive": "#F1F1F1",
        "ikIllustrationGreyFour": "#FAFAFA",
        "ikIllustrationGreyFourteen": "#FFFFFF",
        "ikIllustrationGreyNine": "#F5F5F5",
        "ikIllustrationGreyOne": "#F5F5F5",
        "ikIllustrationGreySeven": "#E0E0E0",
        "ikIllustrationGreySeventeen": "#F5F5F5",
        "ikIllustrationGreySix": "#FAFAFA",
        "ikIllustrationGreySixteen": "#F1F1F1",
        "ikIllustrationGreyTen": "#E0E0E0",
        "ikIllustrationGreyThirteen": "#F1F1F1",
        "ikIllustrationGreyThree": "#E0E0E0",
        "ikIllustrationGreyTwelve": "#FFFFFF",
        "ikIllustrationGreyTwo": "#FFFFFF",
        "ikModalHeader": "#FFFFFF",
        "ikType": "medium",
        "integrationHeaderBorder": "rgba(0, 0, 0, 0.15)",
        "integrationHeaderColor": "#ffffff",
        "integrationOptionBackground": "#ffffff",
        "ksuiteTheme": "light",
        "linkColor": "#0098ff",
        "mentionBg": "#ffffff",
        "mentionBj": "#ffffff",
        "mentionColor": "#1e325c",
        "mentionHighlightBg": "#CDFAFF",
        "mentionHighlightLink": "#1b1d22",
        "newMessageSeparator": "#cc8f00",
        "onlineIndicator": "#3EBF4D",
        "sidebarBg": "#292E3D",
        "sidebarHeaderBg": "#181C28",
        "sidebarHeaderTextColor": "#ffffff",
        "sidebarTeamBarBg": "#181C28",
        "sidebarText": "#e0e0e0",
        "sidebarTextActiveBorder": "#4CB7FF",
        "sidebarTextActiveColor": "#ffffff",
        "sidebarTextHoverBg": "#3E435B",
        "sidebarUnreadText": "#ffffff",
        "switchServerBackground": "#000000",
        "switchServerHoverBackground": "#3E435B",
        "switchServerIconColor": "#FAFAFA",
        "switchServerTextColor": "#F5F5F5",
        "type": "Infomaniak",
      }
    }
  >
    <span
      id="pluginId"
    >
      PostTypePlugin
    </span>
  </PostTypePlugin>
</PostMessageView>
`;

exports[`plugins/PostMessageView should match snapshot with no extended post type 1`] = `
<Connect(ShowMore)
  checkOverflow={0}
  text="this is some text"
>
  <div
    className="post-message__text"
    dir="auto"
    id="postMessageText_post_id"
    onClick={[Function]}
  >
    <Connect(PostMarkdown)
      imageProps={
        Object {
          "onImageHeightChanged": [Function],
          "onImageLoaded": [Function],
        }
      }
      message="this is some text"
      options={Object {}}
      post={
        Object {
          "id": "post_id",
          "message": "this is some text",
          "type": "testtype",
        }
      }
    />
  </div>
  <Pluggable
    onHeightChange={[Function]}
    pluggableName="PostMessageAttachment"
    postId="post_id"
  />
</Connect(ShowMore)>
`;
