// Jest Snapshot v1, https://goo.gl/fbAQLP

exports[`components/LeaveChannelModal should match snapshot, init 1`] = `
<ContextProvider
  value={
    Object {
      "store": Object {
        "@@observable": [Function],
        "dispatch": [Function],
        "getState": [Function],
        "replaceReducer": [Function],
        "subscribe": [Function],
      },
      "subscription": Subscription {
        "handleChangeWrapper": [Function],
        "listeners": Object {
          "notify": [Function],
        },
        "onStateChange": [Function],
        "parentSub": undefined,
        "store": Object {
          "@@observable": [Function],
          "dispatch": [Function],
          "getState": [Function],
          "replaceReducer": [Function],
          "subscribe": [Function],
        },
        "unsubscribe": null,
      },
    }
  }
>
  <LeaveChannelModal
    actions={
      Object {
        "leaveChannel": [MockFunction],
      }
    }
    channel={
      Object {
        "create_at": 0,
        "creator_id": "",
        "delete_at": 0,
        "display_name": "Town Square",
        "group_constrained": false,
        "header": "",
        "id": "town-square-id",
        "last_post_at": 0,
        "last_root_post_at": 0,
        "name": "town-square",
        "purpose": "",
        "scheme_id": "",
        "team_id": "team-1",
        "type": "O",
        "update_at": 0,
      }
    }
    onExited={[MockFunction]}
  />
</ContextProvider>
`;
