// Jest Snapshot v1, https://goo.gl/fbAQLP

exports[`components/delete_channel_modal should match snapshot for delete_channel_modal 1`] = `
<Modal
  animation={true}
  aria-labelledby="deleteChannelModalLabel"
  autoFocus={true}
  backdrop={true}
  bsClass="modal"
  dialogClassName="a11y__modal"
  dialogComponentClass={[Function]}
  enforceFocus={true}
  id="deleteChannelModal"
  keyboard={true}
  manager={
    ModalManager {
      "add": [Function],
      "containers": Array [],
      "data": Array [],
      "handleContainerOverflow": true,
      "hideSiblingNodes": true,
      "isTopModal": [Function],
      "modals": Array [],
      "remove": [Function],
    }
  }
  onExited={[MockFunction]}
  onHide={[Function]}
  renderBackdrop={[Function]}
  restoreFocus={true}
  role="dialog"
  show={true}
>
  <ModalHeader
    bsClass="modal-header"
    closeButton={true}
    closeLabel="Close"
  >
    <ModalTitle
      bsClass="modal-title"
      componentClass="h1"
      id="deleteChannelModalLabel"
    >
      <MemoizedFormattedMessage
        defaultMessage="Archive the {visibility} <strong>{channel}</strong> channel"
        id="delete_channel.confirm"
        values={
          Object {
            "channel": "testing",
            "strong": [Function],
            "visibility": <Memo(MemoizedFormattedMessage)
              defaultMessage="public"
              id="delete_channel.public"
            />,
          }
        }
      />
    </ModalTitle>
  </ModalHeader>
  <ModalBody
    bsClass="modal-body"
    componentClass="div"
  >
    <div
      className="alert alert-with-icon alert-grey"
    >
      <i
        className="icon-information-outline"
      />
      <FormattedMarkdownMessage
        defaultMessage="This will archive the channel from the team and remove it from the user interface. Archived channels can be unarchived if needed again."
        id="delete_channel.question"
        values={
          Object {
            "display_name": "testing",
          }
        }
      />
    </div>
    <p
      className="subtitle"
    >
      <MemoizedFormattedMessage
        defaultMessage="Souhaitez-vous vraiment archiver le canal <strong>{channel}</strong> ?"
        id="delete_channel.confirm"
        values={
          Object {
            "channel": "testing",
            "strong": [Function],
          }
        }
      />
    </p>
  </ModalBody>
  <ModalFooter
    bsClass="modal-footer"
    componentClass="div"
  >
    <button
      className="btn btn-link secondary"
      onClick={[Function]}
      type="button"
    >
      <MemoizedFormattedMessage
        defaultMessage="Cancel"
        id="delete_channel.cancel"
      />
    </button>
    <button
      autoFocus={true}
      className="btn btn-danger"
      data-dismiss="modal"
      id="deleteChannelModalDeleteButton"
      onClick={[Function]}
      type="button"
    >
      <MemoizedFormattedMessage
        defaultMessage="Archive"
        id="delete_channel.del"
      />
    </button>
  </ModalFooter>
</Modal>
`;
