// Jest Snapshot v1, https://goo.gl/fbAQLP

exports[`components/sidebar/invite_members_button should match snapshot 1`] = `
<Provider
  store={
    Object {
      "clearActions": [Function],
      "dispatch": [Function],
      "getActions": [Function],
      "getState": [Function],
      "replaceReducer": [Function],
      "subscribe": [Function],
    }
  }
>
  <InviteMembersButton
    canAddGuest={false}
    isAdmin={false}
  >
    <Memo(TeamPermissionGate)
      permissions={
        Array [
          "add_user_to_team",
          "invite_guest",
        ]
      }
      teamId="team_id2sss"
    >
      <Gate
        hasPermission={true}
        invert={false}
      >
        <div
          aria-label="Invite Members"
          className="SidebarChannelNavigator__inviteMembersLhsButton"
          onClick={[Function]}
          role="button"
          style={
            Object {
              "alignItems": "center",
              "display": "flex",
              "justifyContent": "flex-start",
            }
          }
        >
          <i
            aria-hidden="true"
            className="icon-plus-box"
          />
          <FormattedMessage
            defaultMessage="Invite Members"
            id="sidebar_left.inviteMembers"
          >
            <span>
              Invite Members
            </span>
          </FormattedMessage>
          <wc-ksuite-pro-upgrade-tag
            style={
              Object {
                "marginLeft": "8px",
              }
            }
          />
        </div>
      </Gate>
    </Memo(TeamPermissionGate)>
  </InviteMembersButton>
</Provider>
`;
