// Jest Snapshot v1, https://goo.gl/fbAQLP

exports[`components/IKAppBranding should render logo on desktop app 1`] = `
<div
  className="ik-app-branding"
>
  <img
    alt="kChat logo"
    className="ik-app-branding__logo"
    src=""
  />
</div>
`;

exports[`components/IKAppBranding should render web component on web 1`] = `
<module-header-title-component
  mode="app"
  theme="kchat"
/>
`;
