// Jest Snapshot v1, https://goo.gl/fbAQLP

exports[`components/post_view/PostAddChannelMember should match snapshot, empty channelType 1`] = `""`;

exports[`components/post_view/PostAddChannelMember should match snapshot, empty postId 1`] = `""`;

exports[`components/post_view/PostAddChannelMember should match snapshot, more than 3 users 1`] = `
<Fragment>
  <p>
    <MemoizedFormattedMessage
      defaultMessage="<mentions></mentions> {count, plural, one {did not get notified by this mention because they are not in the channel. Would you like to <addLink>add them to the channel</addLink> or <notifyLink>notify them</notifyLink>? They will have access to all message history.} other {did not get notified by this mention because they are not in the channel. Would you like to <addLink>add them to the channel</addLink> or <notifyLink>notify them</notifyLink>? They will have access to all message history.}}"
      id="post_body.check_for_out_of_channel_mentions.public_with_notify"
      values={
        Object {
          "addLink": [Function],
          "count": 4,
          "mentions": [Function],
          "notifyLink": [Function],
        }
      }
    />
  </p>
</Fragment>
`;

exports[`components/post_view/PostAddChannelMember should match snapshot, more than 3 users 2`] = `
<Fragment>
  <p>
    <MemoizedFormattedMessage
      defaultMessage="<mentions></mentions> {count, plural, one {did not get notified by this mention because they are not in the channel. Would you like to <addLink>add them to the channel</addLink> or <notifyLink>notify them</notifyLink>? They will have access to all message history.} other {did not get notified by this mention because they are not in the channel. Would you like to <addLink>add them to the channel</addLink> or <notifyLink>notify them</notifyLink>? They will have access to all message history.}}"
      id="post_body.check_for_out_of_channel_mentions.public_with_notify"
      values={
        Object {
          "addLink": [Function],
          "count": 4,
          "mentions": [Function],
          "notifyLink": [Function],
        }
      }
    />
  </p>
</Fragment>
`;

exports[`components/post_view/PostAddChannelMember should match snapshot, private channel 1`] = `
<Fragment>
  <p>
    <MemoizedFormattedMessage
      defaultMessage="<mentions></mentions> {count, plural, one {did not get notified by this mention because they are not in the channel. Would you like to <addLink>add them to this private channel</addLink>? They will have access to all message history.} other {did not get notified by this mention because they are not in the channel. Would you like to <addLink>add them to this private channel</addLink>? They will have access to all message history.}}"
      id="post_body.check_for_out_of_channel_mentions.private"
      values={
        Object {
          "addLink": [Function],
          "count": 1,
          "mentions": [Function],
        }
      }
    />
  </p>
</Fragment>
`;

exports[`components/post_view/PostAddChannelMember should match snapshot, public channel 1`] = `
<Fragment>
  <p>
    <MemoizedFormattedMessage
      defaultMessage="<mentions></mentions> {count, plural, one {did not get notified by this mention because they are not in the channel. Would you like to <addLink>add them to the channel</addLink> or <notifyLink>notify them</notifyLink>? They will have access to all message history.} other {did not get notified by this mention because they are not in the channel. Would you like to <addLink>add them to the channel</addLink> or <notifyLink>notify them</notifyLink>? They will have access to all message history.}}"
      id="post_body.check_for_out_of_channel_mentions.public_with_notify"
      values={
        Object {
          "addLink": [Function],
          "count": 1,
          "mentions": [Function],
          "notifyLink": [Function],
        }
      }
    />
  </p>
</Fragment>
`;

exports[`components/post_view/PostAddChannelMember should match snapshot, with no-groups usernames 1`] = `
<Fragment>
  <p>
    <MemoizedFormattedMessage
      defaultMessage="<mentions></mentions> {count, plural, one {did not get notified by this mention because they are not in the channel. Would you like to <addLink>add them to the channel</addLink> or <notifyLink>notify them</notifyLink>? They will have access to all message history.} other {did not get notified by this mention because they are not in the channel. Would you like to <addLink>add them to the channel</addLink> or <notifyLink>notify them</notifyLink>? They will have access to all message history.}}"
      id="post_body.check_for_out_of_channel_mentions.public_with_notify"
      values={
        Object {
          "addLink": [Function],
          "count": 1,
          "mentions": [Function],
          "notifyLink": [Function],
        }
      }
    />
  </p>
  <p>
    <MemoizedFormattedMessage
      defaultMessage="<mentions></mentions> {count, plural, one {did not get notified by this mention because they are not in the channel. They cannot be added to the channel because they are not a member of the linked groups. To add them to this channel, they must be added to the linked groups.} other {did not get notified by this mention because they are not in the channel. They cannot be added to the channel because they are not a member of the linked groups. To add them to this channel, they must be added to the linked groups.}}"
      id="post_body.check_for_out_of_channel_groups_mentions"
      values={
        Object {
          "count": 1,
          "mentions": [Function],
        }
      }
    />
  </p>
</Fragment>
`;
